// 重构日志: 3afa39f2
// 重构日志: 636eb125
// 重构日志: cabb07f2
// 重构日志: 0269d007
// 重构日志: c57448b7
// 重构日志: 2d0ce2ca
// 重构日志: b709e712
// 重构日志: 03f5119a
// 重构日志: ef853b15
// 重构日志: 3eae4182
// 重构日志: 8fcc66a9
// 同步 ID: bcbe3146 @ Thu Jul 30 04:18:59 UTC 2026
// 同步 ID: 7a7c2030 @ Sat Aug  1 01:48:33 UTC 2026
// 同步 ID: bc24ea0b @ Sat Aug  1 05:14:20 UTC 2026
// 重构日志: c6b7ab46
// 重构日志: fadc6ea1
// 重构日志: 812818e6
// 同步 ID: 3de5f0e9 @ Mon Aug  3 04:57:44 UTC 2026
// 同步 ID: 28269a15 @ Mon Aug  3 16:12:51 UTC 2026
// 同步 ID: 6874538c @ Wed Aug  5 16:07:10 UTC 2026
// 同步 ID: 2218d9b7 @ Thu Aug  6 04:52:30 UTC 2026
// 重构日志: bd37b83b
// 同步 ID: 2e5eebbe @ Fri Aug  7 07:16:56 UTC 2026
// 同步 ID: 9859f6fc @ Fri Aug  7 08:46:03 UTC 2026
// 同步 ID: 3d012beb @ Fri Aug  7 11:21:54 UTC 2026
// 重构日志: 6e250a8c
// 重构日志: f7d6f61e
// 同步 ID: 67fde0a8 @ Fri Aug  7 17:02:21 UTC 2026
// 同步 ID: 7fd1fd23 @ Fri Aug  7 17:28:49 UTC 2026
// 同步 ID: d76f9bed @ Sat Aug  8 05:14:47 UTC 2026
